../Core/Src/functions.c:19:6:bufferAppend	24	static
../Core/Src/functions.c:26:5:bufferFilter	16	static
../Core/Src/functions.c:35:5:saturateLimits	24	static
../Core/Src/functions.c:36:5:saturate	16	static
../Core/Src/functions.c:38:5:transform	32	static
../Core/Src/functions.c:45:5:amplifyFactor	16	static
../Core/Src/functions.c:46:5:amplify	16	static
../Core/Src/functions.c:52:5:min	16	static
../Core/Src/functions.c:53:5:max	16	static
../Core/Src/functions.c:59:5:noise	8	static
../Core/Src/functions.c:70:5:noiseLimit	16	static
../Core/Src/functions.c:76:6:writeRGB	24	static
../Core/Src/functions.c:83:6:writeRGBArray	16	static
../Core/Src/functions.c:86:5:generatorLimit	32	static
../Core/Src/functions.c:96:5:generator	16	static
../Core/Src/functions.c:102:6:fillArray	32	static
../Core/Src/functions.c:103:6:emptyArray	16	static
../Core/Src/functions.c:105:5:arraySum	24	static
../Core/Src/functions.c:111:5:arrayAvr	16	static
../Core/Src/functions.c:113:5:arrayMin	24	static
../Core/Src/functions.c:119:5:arrayMax	24	static
