functions.c:19:6:bufferAppend	24	static
functions.c:26:5:bufferFilter	24	static
functions.c:37:5:saturateLimits	24	static
functions.c:38:5:saturate	16	static
functions.c:40:5:transform	32	static
functions.c:47:5:amplifyFactor	16	static
functions.c:48:5:amplify	16	static
functions.c:54:5:noise	8	static
functions.c:65:5:noiseLimit	16	static
functions.c:71:6:writeRGB	24	static
functions.c:81:6:writeRGBArray	16	static
functions.c:84:5:generator	24	static
functions.c:99:6:fillArray	32	static
functions.c:100:6:emptyArray	16	static
functions.c:102:5:arraySum	24	static
functions.c:108:5:arrayAvr	16	static
